I'm sorry, but errors were detected in your script. Please correct the
errors listed below, and try again.


File "game/screens.rpy", line 710: Line is indented, but the preceding text statement does not expect a block. Please check this line's indentation.
    _("That was way too wordy. Make it look pretty in your actual thing, I beseech you.")
    ^

Ren'Py Version: Ren'Py 7.1.0.882
Thu Sep 20 17:14:09 2018
